$ dmd init -m 'Deliver VALUE=42 and remediate the discovered incorrect value' --authority 'Local acceptance fixture explicitly authorizes its temporary project'
T-4875b6ec39dc474d8b10b0d1a9d9aab7
$ dmd req add 'VALUE equals 42' --anchor 'Fixture original request'
R-01
$ dmd work add 'Fix value and verify the actual import' --req R-01 --owns subject.py
W-01
$ dmd check add --req R-01 --work W-01 --cmd '/opt/homebrew/opt/python@3.14/bin/python3.14 -B verify.py' --expect 'One real assertion verifies imported VALUE=42' --match VALUE_ACCEPTANCE_PASS:1 --input verify.py --regression --red-match EXPECTED_VALUE_42
A-01
$ dmd finding add 'VALUE is 41 rather than required 42' --location subject.py:1 --status confirmed --origin pre-existing
F-01
$ dmd coverage assert --note 'Original outcome and confirmed defect map to R-01, W-01, A-01 and F-01'
coverage recorded; semantic completeness still requires source-request review
$ dmd run A-01
dmd: A-01 has no current inspected approval: never approved. Re-inspect and run: dmd approve A-01 --note '<what you inspected>'
$ dmd preview A-01
{
  "definition": {
    "id": "A-01",
    "req": "R-01",
    "work": [
      "W-01"
    ],
    "method": "command",
    "command": "/opt/homebrew/opt/python@3.14/bin/python3.14 -B verify.py",
    "cwd": "/private/var/folders/fs/brn3wr_x4ns2km1cq1ph9zb80000gn/T/dmd-demo-u6_51b4k/project",
    "expect": "One real assertion verifies imported VALUE=42",
    "match": "VALUE_ACCEPTANCE_PASS:1",
    "timeout": 300,
    "max_output": 1048576,
    "inputs": [
      "/private/var/folders/fs/brn3wr_x4ns2km1cq1ph9zb80000gn/T/dmd-demo-u6_51b4k/project/verify.py"
    ],
    "regression": true,
    "red_match": "EXPECTED_VALUE_42",
    "red_exit": 1,
    "attested_because": null,
    "candidate": "/private/var/folders/fs/brn3wr_x4ns2km1cq1ph9zb80000gn/T/dmd-demo-u6_51b4k/project"
  },
  "shell": "/bin/sh",
  "path_fingerprint": "02bde4a02910874246f2482d4dbae763ee11a29b572911a0f5e620e7c97c9410",
  "instruction": "Inspect the command and every called script. Approval is an operator-authorized action, not implied by a ledger."
}
$ dmd approve A-01 --note 'Fixture verifier was authored above and inspected; it performs one assertion with no external effects'
A-01 approved for the exact displayed definition and environment
$ dmd run A-01 --red
{"check": "A-01", "result": "RED-OK", "exit": 1, "matched": true, "failure": null, "duration_s": 0.08685, "candidate": "/private/var/folders/fs/brn3wr_x4ns2km1cq1ph9zb80000gn/T/dmd-demo-u6_51b4k/project", "head": null, "evidence": "/private/var/folders/fs/brn3wr_x4ns2km1cq1ph9zb80000gn/T/dmd-demo-u6_51b4k/state/v2/01129d33a9401613eb050239/01129d33a9401613eb050239/T-4875b6ec39dc474d8b10b0d1a9d9aab7/evidence/command-0c7ac46b48c3429e80647e64c9ea9287.txt"}
$ dmd run A-01
{"check": "A-01", "result": "PASS", "exit": 0, "matched": true, "failure": null, "duration_s": 0.066169, "candidate": "/private/var/folders/fs/brn3wr_x4ns2km1cq1ph9zb80000gn/T/dmd-demo-u6_51b4k/project", "head": null, "evidence": "/private/var/folders/fs/brn3wr_x4ns2km1cq1ph9zb80000gn/T/dmd-demo-u6_51b4k/state/v2/01129d33a9401613eb050239/01129d33a9401613eb050239/T-4875b6ec39dc474d8b10b0d1a9d9aab7/evidence/command-8e713cd8fbca4ef5b813fe0e6aed7e00.txt"}
$ dmd work set --id W-01 --status verified
W-01 verified
$ dmd finding set --id F-01 --status fixed-verified --work W-01 --check A-01 --note 'Actual faulty baseline reproduced; root value repaired and regression verified'
F-01 fixed-verified
$ dmd review --kind self --reviewer 'deterministic local fixture' --note 'Final fixture contract and real assertion inspected' --evidence /private/var/folders/fs/brn3wr_x4ns2km1cq1ph9zb80000gn/T/dmd-demo-u6_51b4k/review.txt
final review recorded
$ dmd gate
{
  "status": "COMPLETE",
  "reasons": [],
  "next": [],
  "source": {
    "/private/var/folders/fs/brn3wr_x4ns2km1cq1ph9zb80000gn/T/dmd-demo-u6_51b4k/project": "faae5220edb9f40a8077fa9662a8390e6988f6ca5af88ccd0d1bc2768979eb0b"
  },
  "attestation": {
    "executed": 1,
    "self_attested": 0
  },
  "summary": {
    "headline": "all obligations satisfied",
    "checks": {
      "accepted": [
        "A-01"
      ],
      "stale": [],
      "failed": [],
      "not_run": [],
      "edited": [],
      "legacy": [],
      "missing_inputs": [],
      "other": []
    },
    "work_unverified": [],
    "findings_open": [],
    "findings_deferred": [],
    "blockers_open": [],
    "review": "current",
    "rerun": null
  }
}
$ dmd gate
{
  "status": "ACTIVE",
  "reasons": [
    "W-01: checks owed: A-01",
    "A-01: stale: /private/var/folders/fs/brn3wr_x4ns2km1cq1ph9zb80000gn/T/dmd-demo-u6_51b4k/project changed since the receipt (tested @ no-head); rerun",
    "F-01: remediation work not currently verified",
    "review: final request/diff/integration review missing or stale"
  ],
  "next": [
    {
      "id": "W-01",
      "action": "rerun stale evidence: A-01"
    },
    {
      "id": "F-01",
      "action": "investigate/remediate and verify: remediation work not currently verified"
    }
  ],
  "source": {
    "/private/var/folders/fs/brn3wr_x4ns2km1cq1ph9zb80000gn/T/dmd-demo-u6_51b4k/project": "c5b58bfaf571fcaef722a4b234cb4cba034317847a1357aa24df140c2805d9e4"
  },
  "attestation": {
    "executed": 0,
    "self_attested": 0
  },
  "summary": {
    "headline": "1 check(s) stale; 1 finding(s) open; final review owed",
    "checks": {
      "accepted": [],
      "stale": [
        "A-01"
      ],
      "failed": [],
      "not_run": [],
      "edited": [],
      "legacy": [],
      "missing_inputs": [],
      "other": []
    },
    "work_unverified": [
      "W-01"
    ],
    "findings_open": [
      "F-01"
    ],
    "findings_deferred": [],
    "blockers_open": [],
    "review": "owed",
    "rerun": "dmd run A-01"
  }
}
$ dmd run A-01
{"check": "A-01", "result": "FAIL", "exit": 1, "matched": false, "failure": null, "duration_s": 0.091788, "candidate": "/private/var/folders/fs/brn3wr_x4ns2km1cq1ph9zb80000gn/T/dmd-demo-u6_51b4k/project", "head": null, "evidence": "/private/var/folders/fs/brn3wr_x4ns2km1cq1ph9zb80000gn/T/dmd-demo-u6_51b4k/state/v2/01129d33a9401613eb050239/01129d33a9401613eb050239/T-4875b6ec39dc474d8b10b0d1a9d9aab7/evidence/command-7208ef58bb1c46aeb5d54736500b5374.txt"}
$ dmd run A-01
{"check": "A-01", "result": "PASS", "exit": 0, "matched": true, "failure": null, "duration_s": 0.066107, "candidate": "/private/var/folders/fs/brn3wr_x4ns2km1cq1ph9zb80000gn/T/dmd-demo-u6_51b4k/project", "head": null, "evidence": "/private/var/folders/fs/brn3wr_x4ns2km1cq1ph9zb80000gn/T/dmd-demo-u6_51b4k/state/v2/01129d33a9401613eb050239/01129d33a9401613eb050239/T-4875b6ec39dc474d8b10b0d1a9d9aab7/evidence/command-0a66d55777a541579f95ccfd2d885d88.txt"}
$ dmd review --kind self --reviewer 'deterministic local fixture' --note 'Final fixture restored, retested and reviewed after freshness challenge' --evidence /private/var/folders/fs/brn3wr_x4ns2km1cq1ph9zb80000gn/T/dmd-demo-u6_51b4k/review.txt
final review recorded
$ dmd gate
{
  "status": "COMPLETE",
  "reasons": [],
  "next": [],
  "source": {
    "/private/var/folders/fs/brn3wr_x4ns2km1cq1ph9zb80000gn/T/dmd-demo-u6_51b4k/project": "faae5220edb9f40a8077fa9662a8390e6988f6ca5af88ccd0d1bc2768979eb0b"
  },
  "attestation": {
    "executed": 1,
    "self_attested": 0
  },
  "summary": {
    "headline": "all obligations satisfied",
    "checks": {
      "accepted": [
        "A-01"
      ],
      "stale": [],
      "failed": [],
      "not_run": [],
      "edited": [],
      "legacy": [],
      "missing_inputs": [],
      "other": []
    },
    "work_unverified": [],
    "findings_open": [],
    "findings_deferred": [],
    "blockers_open": [],
    "review": "current",
    "rerun": null
  }
}
$ dmd report --save
# Done Means Done | T-4875b6ec39dc474d8b10b0d1a9d9aab7 | COMPLETE

## Assignment
Deliver VALUE=42 and remediate the discovered incorrect value

## Acceptance basis
- Accepted checks executed by dmd: 1
- Accepted checks SELF-ATTESTED by the agent (no command was run): 0

## Requirements
- R-01 [active] VALUE equals 42 (source: Fixture original request)

## Work
- W-01 [verified] Fix value and verify the actual import -> R-01; dependencies: none

## Checks
- A-01 [ACCEPTED · EXECUTED] (command) One real assertion verifies imported VALUE=42
  Evidence: /private/var/folders/fs/brn3wr_x4ns2km1cq1ph9zb80000gn/T/dmd-demo-u6_51b4k/state/v2/01129d33a9401613eb050239/01129d33a9401613eb050239/T-4875b6ec39dc474d8b10b0d1a9d9aab7/evidence/command-0a66d55777a541579f95ccfd2d885d88.txt
  Tested: /private/var/folders/fs/brn3wr_x4ns2km1cq1ph9zb80000gn/T/dmd-demo-u6_51b4k/project @ no-head

## Findings (all severities and origins)
- F-01 [fixed-verified; pre-existing] subject.py:1: VALUE is 41 rather than required 42; Actual faulty baseline reproduced; root value repaired and regression verified

## Blockers and external outcomes

## Review history
- 2026-09-22T18:53:20.349319+00:00 [accepted] self review by deterministic local fixture: Final fixture contract and real assertion inspected
- 2026-09-22T18:53:21.419307+00:00 [accepted] self review by deterministic local fixture: Final fixture restored, retested and reviewed after freshness challenge

## Still owed

## Next actions

Review: self
Source:
- /private/var/folders/fs/brn3wr_x4ns2km1cq1ph9zb80000gn/T/dmd-demo-u6_51b4k/project: faae5220edb9f40a8077fa9662a8390e6988f6ca5af88ccd0d1bc2768979eb0b
Evidence is local auditability, not tamper-proof attestation.
$ dmd req add 'The rendered page looks correct to a person' --anchor 'Original request, outcome 2'
R-02
$ dmd work add 'Lay out and visually check the page' --req R-02
W-02
$ dmd check add --req R-02 --work W-02 --method browser --expect 'A person confirms the rendered layout at the declared viewport' --attested-because 'No command can assert how a rendered page looks to a person'
A-02
$ dmd check set --id A-02 --status PASS --note 'Observed at 1280x800; banner and totals as specified' --evidence /private/var/folders/fs/brn3wr_x4ns2km1cq1ph9zb80000gn/T/dmd-demo-u6_51b4k/observation.txt

$ dmd work set --id W-02 --status verified
W-02 verified
$ dmd coverage assert --note 'Both outcomes mapped; R-02 is observable only by a person'
coverage recorded; semantic completeness still requires source-request review
$ dmd gate
{
  "status": "ACTIVE",
  "reasons": [
    "R-02: every accepted check is self-attested; add an executed check or record operator authority with req attest-only",
    "review: final request/diff/integration review missing or stale"
  ],
  "next": [
    {
      "id": "R-02",
      "action": "add an executed acceptance check, or record operator authority via req attest-only"
    }
  ],
  "source": {
    "/private/var/folders/fs/brn3wr_x4ns2km1cq1ph9zb80000gn/T/dmd-demo-u6_51b4k/project": "faae5220edb9f40a8077fa9662a8390e6988f6ca5af88ccd0d1bc2768979eb0b"
  },
  "attestation": {
    "executed": 1,
    "self_attested": 1
  },
  "summary": {
    "headline": "final review owed",
    "checks": {
      "accepted": [
        "A-01",
        "A-02"
      ],
      "stale": [],
      "failed": [],
      "not_run": [],
      "edited": [],
      "legacy": [],
      "missing_inputs": [],
      "other": []
    },
    "work_unverified": [],
    "findings_open": [],
    "findings_deferred": [],
    "blockers_open": [],
    "review": "owed",
    "rerun": null
  }
}
$ dmd req attest-only --id R-02 --authority 'Operator accepts a recorded human observation for this outcome'
R-02 may be accepted on attestation alone under recorded operator authority
$ dmd coverage assert --note 'Reconciled after recording attested-only authority'
coverage recorded; semantic completeness still requires source-request review
$ dmd review --kind self --reviewer 'deterministic local fixture' --note 'Both outcomes reconciled; R-02 rests on a recorded human observation' --evidence /private/var/folders/fs/brn3wr_x4ns2km1cq1ph9zb80000gn/T/dmd-demo-u6_51b4k/review.txt
final review recorded
$ dmd gate
{
  "status": "COMPLETE",
  "reasons": [],
  "next": [],
  "source": {
    "/private/var/folders/fs/brn3wr_x4ns2km1cq1ph9zb80000gn/T/dmd-demo-u6_51b4k/project": "faae5220edb9f40a8077fa9662a8390e6988f6ca5af88ccd0d1bc2768979eb0b"
  },
  "attestation": {
    "executed": 1,
    "self_attested": 1
  },
  "summary": {
    "headline": "all obligations satisfied",
    "checks": {
      "accepted": [
        "A-01",
        "A-02"
      ],
      "stale": [],
      "failed": [],
      "not_run": [],
      "edited": [],
      "legacy": [],
      "missing_inputs": [],
      "other": []
    },
    "work_unverified": [],
    "findings_open": [],
    "findings_deferred": [],
    "blockers_open": [],
    "review": "current",
    "rerun": null
  }
}
$ dmd report --save
# Done Means Done | T-4875b6ec39dc474d8b10b0d1a9d9aab7 | COMPLETE

## Assignment
Deliver VALUE=42 and remediate the discovered incorrect value

## Acceptance basis
- Accepted checks executed by dmd: 1
- Accepted checks SELF-ATTESTED by the agent (no command was run): 1

## Requirements
- R-01 [active] VALUE equals 42 (source: Fixture original request)
- R-02 [active] The rendered page looks correct to a person (source: Original request, outcome 2) — attested-only by operator authority: Operator accepts a recorded human observation for this outcome

## Work
- W-01 [verified] Fix value and verify the actual import -> R-01; dependencies: none
- W-02 [verified] Lay out and visually check the page -> R-02; dependencies: none

## Checks
- A-01 [ACCEPTED · EXECUTED] (command) One real assertion verifies imported VALUE=42
  Evidence: /private/var/folders/fs/brn3wr_x4ns2km1cq1ph9zb80000gn/T/dmd-demo-u6_51b4k/state/v2/01129d33a9401613eb050239/01129d33a9401613eb050239/T-4875b6ec39dc474d8b10b0d1a9d9aab7/evidence/command-0a66d55777a541579f95ccfd2d885d88.txt
  Tested: /private/var/folders/fs/brn3wr_x4ns2km1cq1ph9zb80000gn/T/dmd-demo-u6_51b4k/project @ no-head
- A-02 [ACCEPTED · SELF-ATTESTED] (browser) A person confirms the rendered layout at the declared viewport
  Attested because: No command can assert how a rendered page looks to a person
  Evidence: /private/var/folders/fs/brn3wr_x4ns2km1cq1ph9zb80000gn/T/dmd-demo-u6_51b4k/state/v2/01129d33a9401613eb050239/01129d33a9401613eb050239/T-4875b6ec39dc474d8b10b0d1a9d9aab7/evidence/review-bb1bcd5c6fd04faa943c1de63073a7c6.txt
  Tested: /private/var/folders/fs/brn3wr_x4ns2km1cq1ph9zb80000gn/T/dmd-demo-u6_51b4k/project @ no-head

## Findings (all severities and origins)
- F-01 [fixed-verified; pre-existing] subject.py:1: VALUE is 41 rather than required 42; Actual faulty baseline reproduced; root value repaired and regression verified

## Blockers and external outcomes

## Review history
- 2026-09-22T18:53:20.349319+00:00 [accepted] self review by deterministic local fixture: Final fixture contract and real assertion inspected
- 2026-09-22T18:53:21.419307+00:00 [accepted] self review by deterministic local fixture: Final fixture restored, retested and reviewed after freshness challenge
- 2026-09-22T18:53:23.173151+00:00 [accepted] self review by deterministic local fixture: Both outcomes reconciled; R-02 rests on a recorded human observation

## Still owed

## Next actions

Review: self
Source:
- /private/var/folders/fs/brn3wr_x4ns2km1cq1ph9zb80000gn/T/dmd-demo-u6_51b4k/project: faae5220edb9f40a8077fa9662a8390e6988f6ca5af88ccd0d1bc2768979eb0b
Evidence is local auditability, not tamper-proof attestation.
DMD_DEMO_PASS:real-red-green-and-stale-rejection;attested-only-refused-then-authorized;temporary-fixtures-removed
